// Jest Snapshot v1, https://goo.gl/fbAQLP

exports[`<App /> Buton Snapshot 1`] = `
<View
  accessibilityState={
    {
      "busy": undefined,
      "checked": undefined,
      "disabled": undefined,
      "expanded": undefined,
      "selected": undefined,
    }
  }
  accessibilityValue={
    {
      "max": undefined,
      "min": undefined,
      "now": undefined,
      "text": undefined,
    }
  }
  accessible={true}
  collapsable={false}
  focusable={true}
  onBlur={[Function]}
  onClick={[Function]}
  onFocus={[Function]}
  onResponderGrant={[Function]}
  onResponderMove={[Function]}
  onResponderRelease={[Function]}
  onResponderTerminate={[Function]}
  onResponderTerminationRequest={[Function]}
  onStartShouldSetResponder={[Function]}
  style={
    [
      {
        "flexBasis": "0%",
        "flexGrow": 1,
        "flexShrink": 1,
      },
      {
        "alignItems": "center",
      },
      {
        "justifyContent": "center",
      },
      {
        "backgroundColor": "#D0810A",
        "borderRadius": 9,
        "marginTop": 8,
        "padding": 10,
      },
    ]
  }
  testID="btn"
>
  <Text
    style={
      {
        "color": "white",
        "fontFamily": "AvenirLTProBlack",
        "fontSize": 18,
        "textAlign": "center",
      }
    }
    testID="btnText"
  >
    Cihan
  </Text>
</View>
`;
